python.exe : Creating test database for alias 'default' 
('test_event_management_platform')...
At line:1 char:64
+ ... _platform'; & 'c:/Users/HP/Desktop/event.management_platform/my_env/S ...
+                 ~~~~~~~~~~~~~~~~~~~~~~~~~~~~~~~~~~~~~~~~~~~~~~~~~~~~~~~~~
    + CategoryInfo          : NotSpecified: (Creating test d...t_platform')... 
   :String) [], RemoteException
    + FullyQualifiedErrorId : NativeCommandError
 

Found 5 test(s).
Operations to perform:
  Synchronize unmigrated apps: channels, cloudinary, cloudinary_storage, corsheaders, drf_yasg, messages, rest_framework, rest_framework_simplejwt, staticfiles
  Apply all migrations: admin, auth, bookings, contenttypes, events, notifications, payments, reviews, sessions, tickets, token_blacklist, users
Synchronizing apps without migrations:
  Creating tables...
    Running deferred SQL...
Running migrations:
  Applying contenttypes.0001_initial... OK
  Applying contenttypes.0002_remove_content_type_name... OK
  Applying auth.0001_initial... OK
  Applying auth.0002_alter_permission_name_max_length... OK
  Applying auth.0003_alter_user_email_max_length... OK
  Applying auth.0004_alter_user_username_opts... OK
  Applying auth.0005_alter_user_last_login_null... OK
  Applying auth.0006_require_contenttypes_0002... OK
  Applying auth.0007_alter_validators_add_error_messages... OK
  Applying auth.0008_alter_user_username_max_length... OK
  Applying auth.0009_alter_user_last_name_max_length... OK
  Applying auth.0010_alter_group_name_max_length... OK
  Applying auth.0011_update_proxy_permissions... OK
  Applying auth.0012_alter_user_first_name_max_length... OK
  Applying users.0001_initial... OK
  Applying admin.0001_initial... OK
  Applying admin.0002_logentry_remove_auto_add... OK
  Applying admin.0003_logentry_add_action_flag_choices... OK
  Applying events.0001_initial... OK
  Applying bookings.0001_initial... OK
  Applying notifications.0001_initial... OK
  Applying payments.0001_initial... OK
